// Jest Snapshot v1, https://goo.gl/fbAQLP

exports[`Breadcrumbs renders breadcrumbs 1`] = `
Object {
  "asFragment": [Function],
  "baseElement": <body>
    <div>
      <div
        class="ui horizontal segments"
      >
        <div
          class="ui secondary vertical segment breadcrumbs"
          role="navigation"
        >
          <div
            class="ui container"
          >
            <div
              class="ui breadcrumb"
            >
              <a
                href="/"
              >
                Home Page
              </a>
              <svg
                class="icon"
                style="height: 18px; width: auto; fill: currentColor;"
                viewBox=""
                xmlns=""
              />
              <div
                class="active section"
              >
                e-Learning Courses
              </div>
            </div>
          </div>
        </div>
        <div
          class="ui secondary vertical segment breadcrumbs admin"
          role="navigation"
        >
          <div
            class="ui container"
          >
            <div
              class="ui breadcrumb"
            >
              <div
                class="section"
              >
                admin
              </div>
            </div>
          </div>
        </div>
      </div>
    </div>
  </body>,
  "container": <div>
    <div
      class="ui horizontal segments"
    >
      <div
        class="ui secondary vertical segment breadcrumbs"
        role="navigation"
      >
        <div
          class="ui container"
        >
          <div
            class="ui breadcrumb"
          >
            <a
              href="/"
            >
              Home Page
            </a>
            <svg
              class="icon"
              style="height: 18px; width: auto; fill: currentColor;"
              viewBox=""
              xmlns=""
            />
            <div
              class="active section"
            >
              e-Learning Courses
            </div>
          </div>
        </div>
      </div>
      <div
        class="ui secondary vertical segment breadcrumbs admin"
        role="navigation"
      >
        <div
          class="ui container"
        >
          <div
            class="ui breadcrumb"
          >
            <div
              class="section"
            >
              admin
            </div>
          </div>
        </div>
      </div>
    </div>
  </div>,
  "debug": [Function],
  "findAllByAltText": [Function],
  "findAllByDisplayValue": [Function],
  "findAllByLabelText": [Function],
  "findAllByPlaceholderText": [Function],
  "findAllByRole": [Function],
  "findAllByTestId": [Function],
  "findAllByText": [Function],
  "findAllByTitle": [Function],
  "findByAltText": [Function],
  "findByDisplayValue": [Function],
  "findByLabelText": [Function],
  "findByPlaceholderText": [Function],
  "findByRole": [Function],
  "findByTestId": [Function],
  "findByText": [Function],
  "findByTitle": [Function],
  "getAllByAltText": [Function],
  "getAllByDisplayValue": [Function],
  "getAllByLabelText": [Function],
  "getAllByPlaceholderText": [Function],
  "getAllByRole": [Function],
  "getAllByTestId": [Function],
  "getAllByText": [Function],
  "getAllByTitle": [Function],
  "getByAltText": [Function],
  "getByDisplayValue": [Function],
  "getByLabelText": [Function],
  "getByPlaceholderText": [Function],
  "getByRole": [Function],
  "getByTestId": [Function],
  "getByText": [Function],
  "getByTitle": [Function],
  "queryAllByAltText": [Function],
  "queryAllByDisplayValue": [Function],
  "queryAllByLabelText": [Function],
  "queryAllByPlaceholderText": [Function],
  "queryAllByRole": [Function],
  "queryAllByTestId": [Function],
  "queryAllByText": [Function],
  "queryAllByTitle": [Function],
  "queryByAltText": [Function],
  "queryByDisplayValue": [Function],
  "queryByLabelText": [Function],
  "queryByPlaceholderText": [Function],
  "queryByRole": [Function],
  "queryByTestId": [Function],
  "queryByText": [Function],
  "queryByTitle": [Function],
  "rerender": [Function],
  "unmount": [Function],
}
`;
