// Jest Snapshot v1, https://goo.gl/fbAQLP

exports[`SidebarNavigation renders sidebar navigation 1`] = `
Object {
  "asFragment": [Function],
  "baseElement": <body>
    <div>
      <section
        class="sidebar-nav"
      >
        <div
          class="title-container"
        >
          <p>
            Navigation
          </p>
        </div>
        <div
          class="ui segment"
          data-testid="navigation-item"
          horizontal="true"
        >
          <div
            class="small-card-img-container"
          >
            <img
              alt="Money Laundering and Fraud Prevention"
              class="ui image"
              height="35"
              src="fraud_prevention.png"
              width="35"
            />
          </div>
          <p>
            Money Laundering and Fraud Prevention
          </p>
        </div>
        <div
          class="ui segment"
          data-testid="navigation-item"
          horizontal="true"
        >
          <div
            class="small-card-img-container"
          >
            <img
              alt="IT security and information security"
              class="ui image"
              height="35"
              src="it_security.png"
              width="35"
            />
          </div>
          <p>
            IT security and information security
          </p>
        </div>
        <div
          class="ui segment"
          data-testid="navigation-item"
          horizontal="true"
        >
          <div
            class="small-card-img-container"
          >
            <img
              alt="Data Protection"
              class="ui image"
              height="35"
              src="data_protection.png"
              width="35"
            />
          </div>
          <p>
            Data Protection
          </p>
        </div>
        <div
          class="ui segment"
          data-testid="navigation-item"
          horizontal="true"
        >
          <div
            class="small-card-img-container"
          >
            <img
              alt="WpHG-Compliance"
              class="ui image"
              height="35"
              src="wphg.png"
              width="35"
            />
          </div>
          <p>
            WpHG-Compliance
          </p>
        </div>
      </section>
    </div>
  </body>,
  "container": <div>
    <section
      class="sidebar-nav"
    >
      <div
        class="title-container"
      >
        <p>
          Navigation
        </p>
      </div>
      <div
        class="ui segment"
        data-testid="navigation-item"
        horizontal="true"
      >
        <div
          class="small-card-img-container"
        >
          <img
            alt="Money Laundering and Fraud Prevention"
            class="ui image"
            height="35"
            src="fraud_prevention.png"
            width="35"
          />
        </div>
        <p>
          Money Laundering and Fraud Prevention
        </p>
      </div>
      <div
        class="ui segment"
        data-testid="navigation-item"
        horizontal="true"
      >
        <div
          class="small-card-img-container"
        >
          <img
            alt="IT security and information security"
            class="ui image"
            height="35"
            src="it_security.png"
            width="35"
          />
        </div>
        <p>
          IT security and information security
        </p>
      </div>
      <div
        class="ui segment"
        data-testid="navigation-item"
        horizontal="true"
      >
        <div
          class="small-card-img-container"
        >
          <img
            alt="Data Protection"
            class="ui image"
            height="35"
            src="data_protection.png"
            width="35"
          />
        </div>
        <p>
          Data Protection
        </p>
      </div>
      <div
        class="ui segment"
        data-testid="navigation-item"
        horizontal="true"
      >
        <div
          class="small-card-img-container"
        >
          <img
            alt="WpHG-Compliance"
            class="ui image"
            height="35"
            src="wphg.png"
            width="35"
          />
        </div>
        <p>
          WpHG-Compliance
        </p>
      </div>
    </section>
  </div>,
  "debug": [Function],
  "findAllByAltText": [Function],
  "findAllByDisplayValue": [Function],
  "findAllByLabelText": [Function],
  "findAllByPlaceholderText": [Function],
  "findAllByRole": [Function],
  "findAllByTestId": [Function],
  "findAllByText": [Function],
  "findAllByTitle": [Function],
  "findByAltText": [Function],
  "findByDisplayValue": [Function],
  "findByLabelText": [Function],
  "findByPlaceholderText": [Function],
  "findByRole": [Function],
  "findByTestId": [Function],
  "findByText": [Function],
  "findByTitle": [Function],
  "getAllByAltText": [Function],
  "getAllByDisplayValue": [Function],
  "getAllByLabelText": [Function],
  "getAllByPlaceholderText": [Function],
  "getAllByRole": [Function],
  "getAllByTestId": [Function],
  "getAllByText": [Function],
  "getAllByTitle": [Function],
  "getByAltText": [Function],
  "getByDisplayValue": [Function],
  "getByLabelText": [Function],
  "getByPlaceholderText": [Function],
  "getByRole": [Function],
  "getByTestId": [Function],
  "getByText": [Function],
  "getByTitle": [Function],
  "queryAllByAltText": [Function],
  "queryAllByDisplayValue": [Function],
  "queryAllByLabelText": [Function],
  "queryAllByPlaceholderText": [Function],
  "queryAllByRole": [Function],
  "queryAllByTestId": [Function],
  "queryAllByText": [Function],
  "queryAllByTitle": [Function],
  "queryByAltText": [Function],
  "queryByDisplayValue": [Function],
  "queryByLabelText": [Function],
  "queryByPlaceholderText": [Function],
  "queryByRole": [Function],
  "queryByTestId": [Function],
  "queryByText": [Function],
  "queryByTitle": [Function],
  "rerender": [Function],
  "unmount": [Function],
}
`;
